Device : cpu
Loaded 1500/1500 converged samples  |  seq_len = 500  |  dt = 0.0100 s
L_all=200  L_in=100  L_out=100  sliding_step=15
70/15/15 -> train 1050  val 225  test 225
Train : 1050   Val : 225
  η range : 0.6009 – 0.9595  (mean=0.781)
Δu/σ_u_lin ratio  |  range: [-36.137, 19.328]  std=1.015
duct_pos |  range: [0.000, 3.495]  duct_neg |  range: [0.000, 3.400]
Running cheap bilinear-EPP solver (drift-aware physics prior) …
  Bilinear solver time : 2.1s  u_approx range=[-0.3933, 0.2964]  u_p range=[-0.1591, 0.0706]
delta_approx / σ  |  std=1.015
up_approx    / σ  |  std=0.993  range=[-34.277, 16.688]
net_drift_bias    |  range: [-22.580, 12.665]
Static features : [m, k, c, fn, ξ, α, fy, η, net_drift]  (9-dim)
RMS u_lin=0.009459  RMS Δu=0.005871  ratio=0.621
Building training windows (original) …
Building training windows (sign-flipped augmentation) …
Building validation windows …
Train windows : 56700   Val windows : 6075
X_time shape : (56700, 200, 5)   X_static shape : (56700, 1, 9)   Y shape : (56700, 100)

FiLMStaticEncoder      : 43,490
RepresentationLearning : 235,200  (GRU hidden=160, layers=2)
PredictionHead         : 10,368
ForceSkip              : 353
Total parameters       : 289,411

────────────────────────────────────────────────────────────────────────
 Epoch   Train MSE     Val MSE   Train R²     Val R²         LR
────────────────────────────────────────────────────────────────────────
     1     0.55533     0.14278     0.2723     0.7025   3.05e-04
    10     0.05285     0.04563     0.9307     0.9049   9.25e-04
────────────────────────────────────────────────────────────────────────
Training  |  wall: 2437.4s  |  CPU: 2420.6s
Inference |  wall: 1.9s  |  CPU: 2.0s

────────────────────────────────────────────────────────────
  Validation — physical units (multi-fidelity v2)
────────────────────────────────────────────────────────────
  Best epoch             : 13
  Val MSE (norm)         : 0.03487

  Metric                         Linear only  Multi-fidelity
  ────────────────────────────────────────────────────────
  Global R²                           0.6171          0.9460
  RMSE mean [mm]                       1.969           0.880
  RMSE std  [mm]                       4.394           1.579
  Peak error mean [%]                   9.23            5.72
  Peak error median [%]                 5.25            3.25
  Peak error 90th [%]                  25.31           12.02
sdof_arm3_noepp_db.py:859: UserWarning: FigureCanvasAgg is non-interactive, and thus cannot be shown
  plt.show()
sdof_arm3_noepp_db.py:896: UserWarning: FigureCanvasAgg is non-interactive, and thus cannot be shown
  plt.show()

Running inference on training set for PSD …
sdof_arm3_noepp_db.py:944: UserWarning: FigureCanvasAgg is non-interactive, and thus cannot be shown
  plt.show()
sdof_arm3_noepp_db.py:988: UserWarning: FigureCanvasAgg is non-interactive, and thus cannot be shown
  plt.show()

Saved: mf_training_summary.png | mf_predictions.png | mf_psd.png | mf_peak_pdf.png | best_nlsdof_multifidelity.pt
