Device : cpu
Loaded 1500/1500 converged samples  |  seq_len = 500  |  dt = 0.0100 s
L_all=200  L_in=100  L_out=100  sliding_step=15
70/15/15 -> train 1050  val 225  test 225
Train : 1050   Val : 225
  η range : 0.6009 – 0.9595  (mean=0.781)
Δu/σ_u_lin ratio  |  range: [-36.137, 19.328]  std=1.015
duct_pos |  range: [0.000, 3.534]  duct_neg |  range: [0.000, 3.433]
Running cheap bilinear-EPP solver (drift-aware physics prior) …
  Bilinear solver time : 2.1s  u_approx range=[-0.3933, 0.2964]  u_p range=[-0.1591, 0.0706]
delta_approx / σ  |  std=1.015
up_approx    / σ  |  std=0.993  range=[-34.277, 16.688]
net_drift_bias    |  range: [-20.818, 11.677]
Static features : [m, k, c, fn, ξ, α, fy, η, net_drift]  (9-dim)
RMS u_lin=0.009620  RMS Δu=0.005872  ratio=0.610
Building training windows (original) …
Building training windows (sign-flipped augmentation) …
Building validation windows …
Train windows : 56700   Val windows : 6075
X_time shape : (56700, 200, 5)   X_static shape : (56700, 1, 9)   Y shape : (56700, 100)

FiLMStaticEncoder      : 43,490
RepresentationLearning : 235,200  (GRU hidden=160, layers=2)
PredictionHead         : 10,368
ForceSkip              : 353
Total parameters       : 289,411

────────────────────────────────────────────────────────────────────────
 Epoch   Train MSE     Val MSE   Train R²     Val R²         LR
────────────────────────────────────────────────────────────────────────
     1     0.83601     0.47058     0.1911     0.5603   3.05e-04
    10     0.03982     0.45686     0.9615     0.5731   9.25e-04
────────────────────────────────────────────────────────────────────────
Training  |  wall: 2439.5s  |  CPU: 2422.4s
Inference |  wall: 1.9s  |  CPU: 1.9s

────────────────────────────────────────────────────────────
  Validation — physical units (multi-fidelity v2)
────────────────────────────────────────────────────────────
  Best epoch             : 3
  Val MSE (norm)         : 0.12575

  Metric                         Linear only  Multi-fidelity
  ────────────────────────────────────────────────────────
  Global R²                           0.7489          0.9045
  RMSE mean [mm]                       2.099           1.292
  RMSE std  [mm]                       4.475           2.762
  Peak error mean [%]                  11.03            7.75
  Peak error median [%]                 5.62            4.48
  Peak error 90th [%]                  25.43           19.61
sdof_arm3_noepp_db.py:859: UserWarning: FigureCanvasAgg is non-interactive, and thus cannot be shown
  plt.show()
sdof_arm3_noepp_db.py:896: UserWarning: FigureCanvasAgg is non-interactive, and thus cannot be shown
  plt.show()

Running inference on training set for PSD …
sdof_arm3_noepp_db.py:944: UserWarning: FigureCanvasAgg is non-interactive, and thus cannot be shown
  plt.show()
sdof_arm3_noepp_db.py:988: UserWarning: FigureCanvasAgg is non-interactive, and thus cannot be shown
  plt.show()

Saved: mf_training_summary.png | mf_predictions.png | mf_psd.png | mf_peak_pdf.png | best_nlsdof_multifidelity.pt
